TOKEN_CLASS 'class'
TOKEN_TYPE_IDENTIFIER 'Counter'
TOKEN_INHERITS 'inherits'
TOKEN_TYPE_IDENTIFIER 'Object'
TOKEN_LBRACE '{'
TOKEN_OBJECT_IDENTIFIER 'count'
TOKEN_COLON ':'
TOKEN_TYPE_IDENTIFIER 'Int'
TOKEN_SEMICOLON ';'
TOKEN_OBJECT_IDENTIFIER 'label'
TOKEN_COLON ':'
TOKEN_TYPE_IDENTIFIER 'String'
TOKEN_SEMICOLON ';'
TOKEN_OBJECT_IDENTIFIER 'active'
TOKEN_COLON ':'
TOKEN_TYPE_IDENTIFIER 'Bool'
TOKEN_SEMICOLON ';'
TOKEN_OBJECT_IDENTIFIER 'init'
TOKEN_LPAREN '('
TOKEN_OBJECT_IDENTIFIER 'n'
TOKEN_COLON ':'
TOKEN_TYPE_IDENTIFIER 'Int'
TOKEN_COMMA ','
TOKEN_OBJECT_IDENTIFIER 's'
TOKEN_COLON ':'
TOKEN_TYPE_IDENTIFIER 'String'
TOKEN_RPAREN ')'
TOKEN_COLON ':'
TOKEN_TYPE_IDENTIFIER 'Counter'
TOKEN_LBRACE '{'
TOKEN_LBRACE '{'
TOKEN_OBJECT_IDENTIFIER 'count'
TOKEN_ASSIGN '<-'
TOKEN_OBJECT_IDENTIFIER 'n'
TOKEN_SEMICOLON ';'
TOKEN_OBJECT_IDENTIFIER 'label'
TOKEN_ASSIGN '<-'
TOKEN_OBJECT_IDENTIFIER 's'
TOKEN_SEMICOLON ';'
TOKEN_OBJECT_IDENTIFIER 'active'
TOKEN_ASSIGN '<-'
TOKEN_BOOL_CONST 'true'
TOKEN_SEMICOLON ';'
TOKEN_OBJECT_IDENTIFIER 'self'
TOKEN_SEMICOLON ';'
TOKEN_RBRACE '}'
TOKEN_RBRACE '}'
TOKEN_SEMICOLON ';'
TOKEN_OBJECT_IDENTIFIER 'tick'
TOKEN_LPAREN '('
TOKEN_RPAREN ')'
TOKEN_COLON ':'
TOKEN_TYPE_IDENTIFIER 'Int'
TOKEN_LBRACE '{'
TOKEN_OBJECT_IDENTIFIER 'count'
TOKEN_ASSIGN '<-'
TOKEN_OBJECT_IDENTIFIER 'count'
TOKEN_PLUS '+'
INT_CONST '1'
TOKEN_RBRACE '}'
TOKEN_SEMICOLON ';'
TOKEN_OBJECT_IDENTIFIER 'shrink'
TOKEN_LPAREN '('
TOKEN_RPAREN ')'
TOKEN_COLON ':'
TOKEN_TYPE_IDENTIFIER 'Int'
TOKEN_LBRACE '{'
TOKEN_OBJECT_IDENTIFIER 'count'
TOKEN_ASSIGN '<-'
TOKEN_OBJECT_IDENTIFIER 'count'
TOKEN_MINUS '-'
INT_CONST '1'
TOKEN_RBRACE '}'
TOKEN_SEMICOLON ';'
TOKEN_OBJECT_IDENTIFIER 'scale'
TOKEN_LPAREN '('
TOKEN_OBJECT_IDENTIFIER 'f'
TOKEN_COLON ':'
TOKEN_TYPE_IDENTIFIER 'Int'
TOKEN_RPAREN ')'
TOKEN_COLON ':'
TOKEN_TYPE_IDENTIFIER 'Int'
TOKEN_LBRACE '{'
TOKEN_OBJECT_IDENTIFIER 'count'
TOKEN_ASSIGN '<-'
TOKEN_OBJECT_IDENTIFIER 'count'
TOKEN_STAR '*'
TOKEN_OBJECT_IDENTIFIER 'f'
TOKEN_RBRACE '}'
TOKEN_SEMICOLON ';'
TOKEN_OBJECT_IDENTIFIER 'halve'
TOKEN_LPAREN '('
TOKEN_RPAREN ')'
TOKEN_COLON ':'
TOKEN_TYPE_IDENTIFIER 'Int'
TOKEN_LBRACE '{'
TOKEN_OBJECT_IDENTIFIER 'count'
TOKEN_ASSIGN '<-'
TOKEN_OBJECT_IDENTIFIER 'count'
TOKEN_SLASH '/'
INT_CONST '2'
TOKEN_RBRACE '}'
TOKEN_SEMICOLON ';'
TOKEN_OBJECT_IDENTIFIER 'negate'
TOKEN_LPAREN '('
TOKEN_RPAREN ')'
TOKEN_COLON ':'
TOKEN_TYPE_IDENTIFIER 'Int'
TOKEN_LBRACE '{'
TOKEN_TILDE '~'
TOKEN_OBJECT_IDENTIFIER 'count'
TOKEN_RBRACE '}'
TOKEN_SEMICOLON ';'
TOKEN_OBJECT_IDENTIFIER 'is_zero'
TOKEN_LPAREN '('
TOKEN_RPAREN ')'
TOKEN_COLON ':'
TOKEN_TYPE_IDENTIFIER 'Bool'
TOKEN_LBRACE '{'
TOKEN_OBJECT_IDENTIFIER 'count'
TOKEN_EQUAL '='
INT_CONST '0'
TOKEN_RBRACE '}'
TOKEN_SEMICOLON ';'
TOKEN_OBJECT_IDENTIFIER 'below'
TOKEN_LPAREN '('
TOKEN_OBJECT_IDENTIFIER 'hi'
TOKEN_COLON ':'
TOKEN_TYPE_IDENTIFIER 'Int'
TOKEN_RPAREN ')'
TOKEN_COLON ':'
TOKEN_TYPE_IDENTIFIER 'Bool'
TOKEN_LBRACE '{'
TOKEN_OBJECT_IDENTIFIER 'count'
TOKEN_LT '<'
TOKEN_OBJECT_IDENTIFIER 'hi'
TOKEN_RBRACE '}'
TOKEN_SEMICOLON ';'
TOKEN_OBJECT_IDENTIFIER 'above'
TOKEN_LPAREN '('
TOKEN_OBJECT_IDENTIFIER 'lo'
TOKEN_COLON ':'
TOKEN_TYPE_IDENTIFIER 'Int'
TOKEN_RPAREN ')'
TOKEN_COLON ':'
TOKEN_TYPE_IDENTIFIER 'Bool'
TOKEN_LBRACE '{'
TOKEN_OBJECT_IDENTIFIER 'count'
TOKEN_GT '>'
TOKEN_OBJECT_IDENTIFIER 'lo'
TOKEN_RBRACE '}'
TOKEN_SEMICOLON ';'
TOKEN_OBJECT_IDENTIFIER 'at_most'
TOKEN_LPAREN '('
TOKEN_OBJECT_IDENTIFIER 'x'
TOKEN_COLON ':'
TOKEN_TYPE_IDENTIFIER 'Int'
TOKEN_RPAREN ')'
TOKEN_COLON ':'
TOKEN_TYPE_IDENTIFIER 'Bool'
TOKEN_LBRACE '{'
TOKEN_OBJECT_IDENTIFIER 'count'
TOKEN_LE '<='
TOKEN_OBJECT_IDENTIFIER 'x'
TOKEN_RBRACE '}'
TOKEN_SEMICOLON ';'
TOKEN_OBJECT_IDENTIFIER 'at_least'
TOKEN_LPAREN '('
TOKEN_OBJECT_IDENTIFIER 'x'
TOKEN_COLON ':'
TOKEN_TYPE_IDENTIFIER 'Int'
TOKEN_RPAREN ')'
TOKEN_COLON ':'
TOKEN_TYPE_IDENTIFIER 'Bool'
TOKEN_LBRACE '{'
TOKEN_OBJECT_IDENTIFIER 'count'
TOKEN_GE '>='
TOKEN_OBJECT_IDENTIFIER 'x'
TOKEN_RBRACE '}'
TOKEN_SEMICOLON ';'
TOKEN_OBJECT_IDENTIFIER 'is_empty'
TOKEN_LPAREN '('
TOKEN_RPAREN ')'
TOKEN_COLON ':'
TOKEN_TYPE_IDENTIFIER 'Bool'
TOKEN_LBRACE '{'
TOKEN_ISVOID 'isvoid'
TOKEN_OBJECT_IDENTIFIER 'label'
TOKEN_RBRACE '}'
TOKEN_SEMICOLON ';'
TOKEN_OBJECT_IDENTIFIER 'describe'
TOKEN_LPAREN '('
TOKEN_RPAREN ')'
TOKEN_COLON ':'
TOKEN_TYPE_IDENTIFIER 'String'
TOKEN_LBRACE '{'
TOKEN_LET 'let'
TOKEN_OBJECT_IDENTIFIER 'msg'
TOKEN_COLON ':'
TOKEN_TYPE_IDENTIFIER 'String'
TOKEN_ASSIGN '<-'
STR_CONST '"line1\nline2\t\"quoted\"\\end"'
TOKEN_IN 'in'
TOKEN_OBJECT_IDENTIFIER 'msg'
TOKEN_RBRACE '}'
TOKEN_SEMICOLON ';'
TOKEN_OBJECT_IDENTIFIER 'check'
TOKEN_LPAREN '('
TOKEN_RPAREN ')'
TOKEN_COLON ':'
TOKEN_TYPE_IDENTIFIER 'Int'
TOKEN_LBRACE '{'
TOKEN_IF 'if'
TOKEN_OBJECT_IDENTIFIER 'active'
TOKEN_THEN 'then'
TOKEN_OBJECT_IDENTIFIER 'count'
TOKEN_ELSE 'else'
TOKEN_TILDE '~'
TOKEN_OBJECT_IDENTIFIER 'count'
TOKEN_FI 'fi'
TOKEN_RBRACE '}'
TOKEN_SEMICOLON ';'
TOKEN_OBJECT_IDENTIFIER 'classify'
TOKEN_LPAREN '('
TOKEN_RPAREN ')'
TOKEN_COLON ':'
TOKEN_TYPE_IDENTIFIER 'String'
TOKEN_LBRACE '{'
TOKEN_CASE 'case'
TOKEN_OBJECT_IDENTIFIER 'count'
TOKEN_OF 'of'
TOKEN_OBJECT_IDENTIFIER 'x'
TOKEN_COLON ':'
TOKEN_TYPE_IDENTIFIER 'Int'
TOKEN_DARROW '=>'
STR_CONST '"integer"'
TOKEN_SEMICOLON ';'
TOKEN_OBJECT_IDENTIFIER 'b'
TOKEN_COLON ':'
TOKEN_TYPE_IDENTIFIER 'Bool'
TOKEN_DARROW '=>'
STR_CONST '"boolean"'
TOKEN_SEMICOLON ';'
TOKEN_ESAC 'esac'
TOKEN_RBRACE '}'
TOKEN_SEMICOLON ';'
TOKEN_OBJECT_IDENTIFIER 'run'
TOKEN_LPAREN '('
TOKEN_RPAREN ')'
TOKEN_COLON ':'
TOKEN_TYPE_IDENTIFIER 'Object'
TOKEN_LBRACE '{'
TOKEN_WHILE 'while'
TOKEN_NOT 'not'
TOKEN_LPAREN '('
TOKEN_OBJECT_IDENTIFIER 'count'
TOKEN_LT '<'
INT_CONST '10'
TOKEN_RPAREN ')'
TOKEN_EQUAL '='
TOKEN_BOOL_CONST 'false'
TOKEN_LOOP 'loop'
TOKEN_OBJECT_IDENTIFIER 'count'
TOKEN_ASSIGN '<-'
TOKEN_OBJECT_IDENTIFIER 'count'
TOKEN_PLUS '+'
INT_CONST '1'
TOKEN_POOL 'pool'
TOKEN_RBRACE '}'
TOKEN_SEMICOLON ';'
TOKEN_OBJECT_IDENTIFIER 'make'
TOKEN_LPAREN '('
TOKEN_RPAREN ')'
TOKEN_COLON ':'
TOKEN_TYPE_IDENTIFIER 'Counter'
TOKEN_LBRACE '{'
TOKEN_NEW 'new'
TOKEN_TYPE_IDENTIFIER 'Counter'
TOKEN_RBRACE '}'
TOKEN_SEMICOLON ';'
TOKEN_OBJECT_IDENTIFIER 'combo'
TOKEN_LPAREN '('
TOKEN_RPAREN ')'
TOKEN_COLON ':'
TOKEN_TYPE_IDENTIFIER 'Int'
TOKEN_LBRACE '{'
TOKEN_LET 'let'
TOKEN_OBJECT_IDENTIFIER 'a'
TOKEN_COLON ':'
TOKEN_TYPE_IDENTIFIER 'Int'
TOKEN_ASSIGN '<-'
INT_CONST '3'
TOKEN_COMMA ','
TOKEN_OBJECT_IDENTIFIER 'b'
TOKEN_COLON ':'
TOKEN_TYPE_IDENTIFIER 'Int'
TOKEN_ASSIGN '<-'
INT_CONST '7'
TOKEN_IN 'in'
TOKEN_OBJECT_IDENTIFIER 'a'
TOKEN_PLUS '+'
TOKEN_OBJECT_IDENTIFIER 'b'
TOKEN_RBRACE '}'
TOKEN_SEMICOLON ';'
TOKEN_OBJECT_IDENTIFIER 'static_dispatch'
TOKEN_LPAREN '('
TOKEN_RPAREN ')'
TOKEN_COLON ':'
TOKEN_TYPE_IDENTIFIER 'Counter'
TOKEN_LBRACE '{'
TOKEN_OBJECT_IDENTIFIER 'self'
TOKEN_AT '@'
TOKEN_TYPE_IDENTIFIER 'Counter'
TOKEN_DOT '.'
TOKEN_OBJECT_IDENTIFIER 'init'
TOKEN_LPAREN '('
INT_CONST '0'
TOKEN_COMMA ','
STR_CONST '"reset"'
TOKEN_RPAREN ')'
TOKEN_RBRACE '}'
TOKEN_SEMICOLON ';'
TOKEN_RBRACE '}'
TOKEN_SEMICOLON ';'
TOKEN_CLASS 'class'
TOKEN_TYPE_IDENTIFIER 'Main'
TOKEN_LBRACE '{'
TOKEN_OBJECT_IDENTIFIER 'x'
TOKEN_COLON ':'
TOKEN_TYPE_IDENTIFIER 'Int'
TOKEN_SEMICOLON ';'
TOKEN_OBJECT_IDENTIFIER 'flag'
TOKEN_COLON ':'
TOKEN_TYPE_IDENTIFIER 'Bool'
TOKEN_SEMICOLON ';'
TOKEN_OBJECT_IDENTIFIER 'main'
TOKEN_LPAREN '('
TOKEN_RPAREN ')'
TOKEN_COLON ':'
TOKEN_TYPE_IDENTIFIER 'Object'
TOKEN_LBRACE '{'
TOKEN_LBRACE '{'
TOKEN_OBJECT_IDENTIFIER 'x'
TOKEN_ASSIGN '<-'
INT_CONST '42'
TOKEN_SEMICOLON ';'
TOKEN_OBJECT_IDENTIFIER 'flag'
TOKEN_ASSIGN '<-'
TOKEN_BOOL_CONST 'false'
TOKEN_SEMICOLON ';'
TOKEN_OBJECT_IDENTIFIER 'x'
TOKEN_SEMICOLON ';'
TOKEN_RBRACE '}'
TOKEN_RBRACE '}'
TOKEN_SEMICOLON ';'
TOKEN_RBRACE '}'
TOKEN_SEMICOLON ';'
TOKEN_EOF ''
